// Vitest Snapshot v1, https://vitest.dev/guide/snapshot.html

exports[`Snapshot Test > renders Pagination component 1`] = `
<DocumentFragment>
  <div
    class="flex justify-center items-center -space-x-px h-8 text-sm"
  >
    <button
      class="flex items-center justify-center px-3 h-8 ms-0 leading-tight text-gray-500 bg-white border border-e-0 border-gray-300 rounded-s-lg hover:bg-gray-100 hover:text-gray-700"
    >
      <span
        class="sr-only"
      >
        Previous
      </span>
      <svg
        aria-hidden="true"
        class="w-2.5 h-2.5 rtl:rotate-180"
        fill="none"
        viewBox="0 0 6 10"
        xmlns="http://www.w3.org/2000/svg"
      >
        <path
          d="M5 1 1 5l4 4"
          stroke="currentColor"
          stroke-linecap="round"
          stroke-linejoin="round"
          stroke-width="2"
        />
      </svg>
    </button>
    <button
      class="flex items-center justify-center px-3 h-8 leading-tight text-gray-500 bg-white border border-gray-300 hover:bg-gray-100 hover:text-gray-700"
    >
      1
    </button>
    <button
      class="flex items-center justify-center px-3 h-8 leading-tight text-gray-500 bg-white border border-gray-300 hover:bg-gray-100 hover:text-gray-700"
    >
      2
    </button>
    <button
      class="flex items-center justify-center px-3 h-8 leading-tight text-gray-500 bg-white border border-gray-300 hover:bg-gray-100 hover:text-gray-700 font-bold"
    >
      3
    </button>
    <button
      class="flex items-center justify-center px-3 h-8 leading-tight text-gray-500 bg-white border border-gray-300 hover:bg-gray-100 hover:text-gray-700"
    >
      4
    </button>
    <button
      class="flex items-center justify-center px-3 h-8 leading-tight text-gray-500 bg-white border border-gray-300 hover:bg-gray-100 hover:text-gray-700"
    >
      5
    </button>
    <button
      class="flex items-center justify-center px-3 h-8 leading-tight text-gray-500 bg-white border border-gray-300 rounded-e-lg hover:bg-gray-100 hover:text-gray-700"
    >
      <span
        class="sr-only"
      >
        Next
      </span>
      <svg
        aria-hidden="true"
        class="w-2.5 h-2.5 rtl:rotate-180"
        fill="none"
        viewBox="0 0 6 10"
        xmlns="http://www.w3.org/2000/svg"
      >
        <path
          d="m1 9 4-4-4-4"
          stroke="currentColor"
          stroke-linecap="round"
          stroke-linejoin="round"
          stroke-width="2"
        />
      </svg>
    </button>
  </div>
</DocumentFragment>
`;

exports[`Test group of Pagenation component > Snapshot Test > renders Pagination component 1`] = `
<DocumentFragment>
  <div
    class="flex justify-center items-center -space-x-px h-8 text-sm"
  >
    <button
      class="flex items-center justify-center px-3 h-8 ms-0 leading-tight text-gray-500 bg-white border border-e-0 border-gray-300 rounded-s-lg hover:bg-gray-100 hover:text-gray-700"
    >
      <span
        class="sr-only"
      >
        Previous
      </span>
      <svg
        aria-hidden="true"
        class="w-2.5 h-2.5 rtl:rotate-180"
        fill="none"
        viewBox="0 0 6 10"
        xmlns="http://www.w3.org/2000/svg"
      >
        <path
          d="M5 1 1 5l4 4"
          stroke="currentColor"
          stroke-linecap="round"
          stroke-linejoin="round"
          stroke-width="2"
        />
      </svg>
    </button>
    <button
      class="flex items-center justify-center px-3 h-8 leading-tight text-gray-500 bg-white border border-gray-300 hover:bg-gray-100 hover:text-gray-700"
    >
      1
    </button>
    <button
      class="flex items-center justify-center px-3 h-8 leading-tight text-gray-500 bg-white border border-gray-300 hover:bg-gray-100 hover:text-gray-700"
    >
      2
    </button>
    <button
      class="flex items-center justify-center px-3 h-8 leading-tight text-gray-500 bg-white border border-gray-300 hover:bg-gray-100 hover:text-gray-700 font-bold"
    >
      3
    </button>
    <button
      class="flex items-center justify-center px-3 h-8 leading-tight text-gray-500 bg-white border border-gray-300 hover:bg-gray-100 hover:text-gray-700"
    >
      4
    </button>
    <button
      class="flex items-center justify-center px-3 h-8 leading-tight text-gray-500 bg-white border border-gray-300 hover:bg-gray-100 hover:text-gray-700"
    >
      5
    </button>
    <button
      class="flex items-center justify-center px-3 h-8 leading-tight text-gray-500 bg-white border border-gray-300 rounded-e-lg hover:bg-gray-100 hover:text-gray-700"
    >
      <span
        class="sr-only"
      >
        Next
      </span>
      <svg
        aria-hidden="true"
        class="w-2.5 h-2.5 rtl:rotate-180"
        fill="none"
        viewBox="0 0 6 10"
        xmlns="http://www.w3.org/2000/svg"
      >
        <path
          d="m1 9 4-4-4-4"
          stroke="currentColor"
          stroke-linecap="round"
          stroke-linejoin="round"
          stroke-width="2"
        />
      </svg>
    </button>
  </div>
</DocumentFragment>
`;
