// Vitest Snapshot v1, https://vitest.dev/guide/snapshot.html

exports[`Test group of Button component > Snapshot Test > renders Button component 1`] = `
<DocumentFragment>
  <button
    class="text-white bg-blue-700 hover:bg-blue-800 focus:outline-none focus:ring-4 focus:ring-blue-300 font-medium rounded-full text-sm px-5 py-2.5 text-center"
  >
    This is Button
  </button>
</DocumentFragment>
`;
